Microsoft Windows [版本 10.0.19045.6456]
(c) Microsoft Corporation。保留所有权利。

C:\Windows\system32>openocd -f interface/cmsis-dap.cfg -f  C:\Users\DJ\Desktop\BSMU_H750.cfg  -c "program \"C:/Users/DJ/Desktop/BSMU_H750IB_87a48ef.elf\" verify" -c "reset run" -c "exit"
Open On-Chip Debugger 0.12.0 (2025-07-10) [https://github.com/sysprogs/openocd]
Licensed under GNU GPL v2
libusb1 d52e355daa09f17ce64819122cb067b8a2ee0d4b
For bug reports, read
        http://openocd.org/doc/doxygen/bugs.html
Warn : DEPRECATED: auto-selecting transport "swd". Use 'transport select swd' to suppress this message.
Info : CMSIS-DAP: SWD supported
Info : CMSIS-DAP: JTAG supported
Info : CMSIS-DAP: SWO-UART supported
Info : CMSIS-DAP: Atomic commands supported
Info : CMSIS-DAP: FW Version = 2.0.0
Info : CMSIS-DAP: Interface Initialised (SWD)
Info : SWCLK/TCK = 1 SWDIO/TMS = 1 TDI = 1 TDO = 1 nTRST = 1 nRESET = 1
Info : CMSIS-DAP: Interface ready
Info : clock speed 5000 kHz
Info : SWD DPIDR 0x6ba02477
Info : [stm32h750ibt6.ap2] Examination succeed
Info : [stm32h750ibt6.cpu0] Cortex-M7 r1p1 processor detected
Warn : [stm32h750ibt6.cpu0] Erratum 3092511: Cortex-M7 can halt in an incorrect address when breakpoint and exception occurs simultaneously
Info : [stm32h750ibt6.cpu0] The erratum 3092511 workaround will resume after an incorrect halt
Info : [stm32h750ibt6.cpu0] target has 8 breakpoints, 4 watchpoints
Info : [stm32h750ibt6.cpu0] Examination succeed
Info : [stm32h750ibt6.ap2] gdb port disabled
Info : [stm32h750ibt6.cpu0] starting gdb server on 3333
Info : Listening on port 3333 for gdb connections
[stm32h750ibt6.cpu0] halted due to debug-request, current mode: Thread
xPSR: 0x01000000 pc: 0x08000338 msp: 0x240006c8
** Programming Started **
Info : Device: STM32H74x/75x
Info : flash size probed value 128k
Info : STM32H7 flash has a single bank
Info : Bank (0) size is 128 kb, base address is 0x08000000
Info : flash1 'win w25q64fv/jv' id = 0x1740ef size = 8192 KiB
Warn : Adding extra erase range, 0x9068a5fc .. 0x9068ffff
** Programming Finished **
** Verify Started **
** Verified OK **

C:\Windows\system32>openocd -f interface/cmsis-dap.cfg -f  C:\Users\DJ\Desktop\BSMU_H750.cfg  -c "program \"C:/Users/DJ/Desktop/BSMU_H750IB_87a48ef.elf\" verify" -c "reset run" -c "exit"
Open On-Chip Debugger 0.12.0 (2025-07-10) [https://github.com/sysprogs/openocd]
Licensed under GNU GPL v2
libusb1 d52e355daa09f17ce64819122cb067b8a2ee0d4b
For bug reports, read
        http://openocd.org/doc/doxygen/bugs.html
Warn : DEPRECATED: auto-selecting transport "swd". Use 'transport select swd' to suppress this message.
Info : CMSIS-DAP: SWD supported
Info : CMSIS-DAP: JTAG supported
Info : CMSIS-DAP: SWO-UART supported
Info : CMSIS-DAP: Atomic commands supported
Info : CMSIS-DAP: FW Version = 2.0.0
Info : CMSIS-DAP: Interface Initialised (SWD)
Info : SWCLK/TCK = 1 SWDIO/TMS = 1 TDI = 1 TDO = 1 nTRST = 1 nRESET = 1
Info : CMSIS-DAP: Interface ready
Info : clock speed 5000 kHz
Info : SWD DPIDR 0x6ba02477
Info : [stm32h750ibt6.ap2] Examination succeed
Info : [stm32h750ibt6.cpu0] Cortex-M7 r1p1 processor detected
Warn : [stm32h750ibt6.cpu0] Erratum 3092511: Cortex-M7 can halt in an incorrect address when breakpoint and exception occurs simultaneously
Info : [stm32h750ibt6.cpu0] The erratum 3092511 workaround will resume after an incorrect halt
Info : [stm32h750ibt6.cpu0] target has 8 breakpoints, 4 watchpoints
Info : [stm32h750ibt6.cpu0] Examination succeed
Info : [stm32h750ibt6.ap2] gdb port disabled
Info : [stm32h750ibt6.cpu0] starting gdb server on 3333
Info : Listening on port 3333 for gdb connections
[stm32h750ibt6.cpu0] halted due to debug-request, current mode: Thread
xPSR: 0x01000000 pc: 0x08000338 msp: 0x240006c8
** Programming Started **
Info : Device: STM32H74x/75x
Info : flash size probed value 128k
Info : STM32H7 flash has a single bank
Info : Bank (0) size is 128 kb, base address is 0x08000000
Info : flash1 'win w25q64fv/jv' id = 0x1740ef size = 8192 KiB
Warn : Adding extra erase range, 0x9068a5fc .. 0x9068ffff
** Programming Finished **
** Verify Started **
** Verified OK **

C:\Windows\system32>openocd -f interface/cmsis-dap.cfg -f  C:\Users\DJ\Desktop\BSMU_H750.cfg  -c "program \"C:/Users/DJ/Desktop/BSMU_H750IB_9c45def.axf\" verify" -c "reset run" -c "exit"
Open On-Chip Debugger 0.12.0 (2025-07-10) [https://github.com/sysprogs/openocd]
Licensed under GNU GPL v2
libusb1 d52e355daa09f17ce64819122cb067b8a2ee0d4b
For bug reports, read
        http://openocd.org/doc/doxygen/bugs.html
Warn : DEPRECATED: auto-selecting transport "swd". Use 'transport select swd' to suppress this message.
Info : CMSIS-DAP: SWD supported
Info : CMSIS-DAP: JTAG supported
Info : CMSIS-DAP: SWO-UART supported
Info : CMSIS-DAP: Atomic commands supported
Info : CMSIS-DAP: FW Version = 2.0.0
Info : CMSIS-DAP: Interface Initialised (SWD)
Info : SWCLK/TCK = 1 SWDIO/TMS = 1 TDI = 1 TDO = 1 nTRST = 1 nRESET = 1
Info : CMSIS-DAP: Interface ready
Info : clock speed 5000 kHz
Info : SWD DPIDR 0x6ba02477
Info : [stm32h750ibt6.ap2] Examination succeed
Info : [stm32h750ibt6.cpu0] Cortex-M7 r1p1 processor detected
Warn : [stm32h750ibt6.cpu0] Erratum 3092511: Cortex-M7 can halt in an incorrect address when breakpoint and exception occurs simultaneously
Info : [stm32h750ibt6.cpu0] The erratum 3092511 workaround will resume after an incorrect halt
Info : [stm32h750ibt6.cpu0] target has 8 breakpoints, 4 watchpoints
Info : [stm32h750ibt6.cpu0] Examination succeed
Info : [stm32h750ibt6.ap2] gdb port disabled
Info : [stm32h750ibt6.cpu0] starting gdb server on 3333
Info : Listening on port 3333 for gdb connections
[stm32h750ibt6.cpu0] halted due to debug-request, current mode: Thread
xPSR: 0x01000000 pc: 0x08000338 msp: 0x240006c8
** Programming Started **
Info : Device: STM32H74x/75x
Info : flash size probed value 128k
Info : STM32H7 flash has a single bank
Info : Bank (0) size is 128 kb, base address is 0x08000000
Info : flash1 'win w25q64fv/jv' id = 0x1740ef size = 8192 KiB
Warn : Adding extra erase range, 0x9068a5f8 .. 0x9068ffff
** Programming Finished **
** Verify Started **
** Verified OK **

C:\Windows\system32>openocd -f interface/cmsis-dap.cfg -f  C:\Users\DJ\Desktop\BSMU_H750.cfg  -c "program \"C:/Users/DJ/Desktop/BSMU_H750IB_87a48ef.elf\" verify" -c "reset run" -c "exit"
Open On-Chip Debugger 0.12.0 (2025-07-10) [https://github.com/sysprogs/openocd]
Licensed under GNU GPL v2
libusb1 d52e355daa09f17ce64819122cb067b8a2ee0d4b
For bug reports, read
        http://openocd.org/doc/doxygen/bugs.html
Warn : DEPRECATED: auto-selecting transport "swd". Use 'transport select swd' to suppress this message.
Info : CMSIS-DAP: SWD supported
Info : CMSIS-DAP: JTAG supported
Info : CMSIS-DAP: SWO-UART supported
Info : CMSIS-DAP: Atomic commands supported
Info : CMSIS-DAP: FW Version = 2.0.0
Info : CMSIS-DAP: Interface Initialised (SWD)
Info : SWCLK/TCK = 1 SWDIO/TMS = 1 TDI = 1 TDO = 1 nTRST = 1 nRESET = 1
Info : CMSIS-DAP: Interface ready
Info : clock speed 5000 kHz
Info : SWD DPIDR 0x6ba02477
Info : [stm32h750ibt6.ap2] Examination succeed
Info : [stm32h750ibt6.cpu0] Cortex-M7 r1p1 processor detected
Warn : [stm32h750ibt6.cpu0] Erratum 3092511: Cortex-M7 can halt in an incorrect address when breakpoint and exception occurs simultaneously
Info : [stm32h750ibt6.cpu0] The erratum 3092511 workaround will resume after an incorrect halt
Info : [stm32h750ibt6.cpu0] target has 8 breakpoints, 4 watchpoints
Info : [stm32h750ibt6.cpu0] Examination succeed
Info : [stm32h750ibt6.ap2] gdb port disabled
Info : [stm32h750ibt6.cpu0] starting gdb server on 3333
Info : Listening on port 3333 for gdb connections
[stm32h750ibt6.cpu0] halted due to debug-request, current mode: Thread
xPSR: 0x01000000 pc: 0x08000338 msp: 0x240006c8
** Programming Started **
Info : Device: STM32H74x/75x
Info : flash size probed value 128k
Info : STM32H7 flash has a single bank
Info : Bank (0) size is 128 kb, base address is 0x08000000
Info : flash1 'win w25q64fv/jv' id = 0x1740ef size = 8192 KiB
Warn : Adding extra erase range, 0x9068a5fc .. 0x9068ffff
** Programming Finished **
** Verify Started **
** Verified OK **

C:\Windows\system32>openocd -f interface/cmsis-dap.cfg -f  C:\Users\DJ\Desktop\BSMU_H750.cfg  -c "program \"C:/Users/DJ/Desktop/BSMU_H750IB_87a48ef.elf\" verify" -c "reset run" -c "exit"

C:\Windows\system32>openocd -f interface/cmsis-dap.cfg -f  C:\Users\DJ\Desktop\BSMU_H750.cfg  -c "program \"C:/Users/DJ/Desktop/BSMU_H750IB_9c45def.axf\" verify" -c "reset run" -c "exit"
Open On-Chip Debugger 0.12.0 (2025-07-10) [https://github.com/sysprogs/openocd]
Licensed under GNU GPL v2
libusb1 d52e355daa09f17ce64819122cb067b8a2ee0d4b
For bug reports, read
        http://openocd.org/doc/doxygen/bugs.html
Warn : DEPRECATED: auto-selecting transport "swd". Use 'transport select swd' to suppress this message.
Info : CMSIS-DAP: SWD supported
Info : CMSIS-DAP: JTAG supported
Info : CMSIS-DAP: SWO-UART supported
Info : CMSIS-DAP: Atomic commands supported
Info : CMSIS-DAP: FW Version = 2.0.0
Info : CMSIS-DAP: Interface Initialised (SWD)
Info : SWCLK/TCK = 1 SWDIO/TMS = 1 TDI = 1 TDO = 1 nTRST = 1 nRESET = 1
Info : CMSIS-DAP: Interface ready
Info : clock speed 5000 kHz
Info : SWD DPIDR 0x6ba02477
Info : [stm32h750ibt6.ap2] Examination succeed
Info : [stm32h750ibt6.cpu0] Cortex-M7 r1p1 processor detected
Warn : [stm32h750ibt6.cpu0] Erratum 3092511: Cortex-M7 can halt in an incorrect address when breakpoint and exception occurs simultaneously
Info : [stm32h750ibt6.cpu0] The erratum 3092511 workaround will resume after an incorrect halt
Info : [stm32h750ibt6.cpu0] target has 8 breakpoints, 4 watchpoints
Info : [stm32h750ibt6.cpu0] Examination succeed
Info : [stm32h750ibt6.ap2] gdb port disabled
Info : [stm32h750ibt6.cpu0] starting gdb server on 3333
Info : Listening on port 3333 for gdb connections
[stm32h750ibt6.cpu0] halted due to debug-request, current mode: Thread
xPSR: 0x01000000 pc: 0x08000338 msp: 0x240006c8
** Programming Started **
Info : Device: STM32H74x/75x
Info : flash size probed value 128k
Info : STM32H7 flash has a single bank
Info : Bank (0) size is 128 kb, base address is 0x08000000
Info : flash1 'win w25q64fv/jv' id = 0x1740ef size = 8192 KiB
Warn : Adding extra erase range, 0x9068a5f8 .. 0x9068ffff
** Programming Finished **
** Verify Started **
** Verified OK **

C:\Windows\system32>openocd -f interface/cmsis-dap.cfg -f  C:\Users\DJ\Desktop\BSMU_H750.cfg  -c "program \"C:/Users/DJ/Desktop/BSMU_H750IB_5c1c3e2.elf\" verify" -c "reset run" -c "exit"
Open On-Chip Debugger 0.12.0 (2025-07-10) [https://github.com/sysprogs/openocd]
Licensed under GNU GPL v2
libusb1 d52e355daa09f17ce64819122cb067b8a2ee0d4b
For bug reports, read
        http://openocd.org/doc/doxygen/bugs.html
Warn : DEPRECATED: auto-selecting transport "swd". Use 'transport select swd' to suppress this message.
Info : CMSIS-DAP: SWD supported
Info : CMSIS-DAP: JTAG supported
Info : CMSIS-DAP: SWO-UART supported
Info : CMSIS-DAP: Atomic commands supported
Info : CMSIS-DAP: FW Version = 2.0.0
Info : CMSIS-DAP: Interface Initialised (SWD)
Info : SWCLK/TCK = 1 SWDIO/TMS = 1 TDI = 1 TDO = 1 nTRST = 1 nRESET = 1
Info : CMSIS-DAP: Interface ready
Info : clock speed 5000 kHz
Info : SWD DPIDR 0x6ba02477
Info : [stm32h750ibt6.ap2] Examination succeed
Info : [stm32h750ibt6.cpu0] Cortex-M7 r1p1 processor detected
Warn : [stm32h750ibt6.cpu0] Erratum 3092511: Cortex-M7 can halt in an incorrect address when breakpoint and exception occurs simultaneously
Info : [stm32h750ibt6.cpu0] The erratum 3092511 workaround will resume after an incorrect halt
Info : [stm32h750ibt6.cpu0] target has 8 breakpoints, 4 watchpoints
Info : [stm32h750ibt6.cpu0] Examination succeed
Info : [stm32h750ibt6.ap2] gdb port disabled
Info : [stm32h750ibt6.cpu0] starting gdb server on 3333
Info : Listening on port 3333 for gdb connections
[stm32h750ibt6.cpu0] halted due to debug-request, current mode: Thread
xPSR: 0x01000000 pc: 0x08000338 msp: 0x240006c8
** Programming Started **
Error: couldn't open C:/Users/DJ/Desktop/BSMU_H750IB_5c1c3e2.elf
embedded:startup.tcl:1748: Error: ** Programming Failed **
Traceback (most recent call last):
  File "embedded:startup.tcl", line 1813, in program
    program_error {** Programming Failed **} 0
  File "embedded:startup.tcl", line 1748, in program_error
    error {** Programming Failed **}

C:\Windows\system32>openocd -f interface/cmsis-dap.cfg -f  C:\Users\DJ\Desktop\BSMU_H750.cfg  -c "program \"C:/Users/DJ/Desktop/BSMU_H750IB_5c1c3e2.axf\" verify" -c "reset run" -c "exit"
Open On-Chip Debugger 0.12.0 (2025-07-10) [https://github.com/sysprogs/openocd]
Licensed under GNU GPL v2
libusb1 d52e355daa09f17ce64819122cb067b8a2ee0d4b
For bug reports, read
        http://openocd.org/doc/doxygen/bugs.html
Warn : DEPRECATED: auto-selecting transport "swd". Use 'transport select swd' to suppress this message.
Info : CMSIS-DAP: SWD supported
Info : CMSIS-DAP: JTAG supported
Info : CMSIS-DAP: SWO-UART supported
Info : CMSIS-DAP: Atomic commands supported
Info : CMSIS-DAP: FW Version = 2.0.0
Info : CMSIS-DAP: Interface Initialised (SWD)
Info : SWCLK/TCK = 1 SWDIO/TMS = 1 TDI = 1 TDO = 1 nTRST = 1 nRESET = 1
Info : CMSIS-DAP: Interface ready
Info : clock speed 5000 kHz
Info : SWD DPIDR 0x6ba02477
Info : [stm32h750ibt6.ap2] Examination succeed
Info : [stm32h750ibt6.cpu0] Cortex-M7 r1p1 processor detected
Warn : [stm32h750ibt6.cpu0] Erratum 3092511: Cortex-M7 can halt in an incorrect address when breakpoint and exception occurs simultaneously
Info : [stm32h750ibt6.cpu0] The erratum 3092511 workaround will resume after an incorrect halt
Info : [stm32h750ibt6.cpu0] target has 8 breakpoints, 4 watchpoints
Info : [stm32h750ibt6.cpu0] Examination succeed
Info : [stm32h750ibt6.ap2] gdb port disabled
Info : [stm32h750ibt6.cpu0] starting gdb server on 3333
Info : Listening on port 3333 for gdb connections
[stm32h750ibt6.cpu0] halted due to debug-request, current mode: Thread
xPSR: 0x01000000 pc: 0x08000338 msp: 0x240006c8
** Programming Started **
Error: couldn't open C:/Users/DJ/Desktop/BSMU_H750IB_5c1c3e2.axf
embedded:startup.tcl:1748: Error: ** Programming Failed **
Traceback (most recent call last):
  File "embedded:startup.tcl", line 1813, in program
    program_error {** Programming Failed **} 0
  File "embedded:startup.tcl", line 1748, in program_error
    error {** Programming Failed **}

C:\Windows\system32>openocd -f interface/cmsis-dap.cfg -f  C:\Users\DJ\Desktop\BSMU_H750.cfg  -c "program \"C:/Users/DJ/Desktop/BSMU_H750IB_5c1c3e2.axf\" verify" -c "reset run" -c "exit"
Open On-Chip Debugger 0.12.0 (2025-07-10) [https://github.com/sysprogs/openocd]
Licensed under GNU GPL v2
libusb1 d52e355daa09f17ce64819122cb067b8a2ee0d4b
For bug reports, read
        http://openocd.org/doc/doxygen/bugs.html
Warn : DEPRECATED: auto-selecting transport "swd". Use 'transport select swd' to suppress this message.
Info : CMSIS-DAP: SWD supported
Info : CMSIS-DAP: JTAG supported
Info : CMSIS-DAP: SWO-UART supported
Info : CMSIS-DAP: Atomic commands supported
Info : CMSIS-DAP: FW Version = 2.0.0
Info : CMSIS-DAP: Interface Initialised (SWD)
Info : SWCLK/TCK = 1 SWDIO/TMS = 1 TDI = 1 TDO = 1 nTRST = 1 nRESET = 1
Info : CMSIS-DAP: Interface ready
Info : clock speed 5000 kHz
Info : SWD DPIDR 0x6ba02477
Info : [stm32h750ibt6.ap2] Examination succeed
Info : [stm32h750ibt6.cpu0] Cortex-M7 r1p1 processor detected
Warn : [stm32h750ibt6.cpu0] Erratum 3092511: Cortex-M7 can halt in an incorrect address when breakpoint and exception occurs simultaneously
Info : [stm32h750ibt6.cpu0] The erratum 3092511 workaround will resume after an incorrect halt
Info : [stm32h750ibt6.cpu0] target has 8 breakpoints, 4 watchpoints
Info : [stm32h750ibt6.cpu0] Examination succeed
Info : [stm32h750ibt6.ap2] gdb port disabled
Info : [stm32h750ibt6.cpu0] starting gdb server on 3333
Info : Listening on port 3333 for gdb connections
[stm32h750ibt6.cpu0] halted due to debug-request, current mode: Thread
xPSR: 0x01000000 pc: 0x08000338 msp: 0x240006c8
** Programming Started **
Info : Device: STM32H74x/75x
Info : flash size probed value 128k
Info : STM32H7 flash has a single bank
Info : Bank (0) size is 128 kb, base address is 0x08000000
Info : flash1 'win w25q64fv/jv' id = 0x1740ef size = 8192 KiB
Warn : Adding extra erase range, 0x9068a704 .. 0x9068ffff
** Programming Finished **
** Verify Started **
** Verified OK **

C:\Windows\system32>openocd -f interface/cmsis-dap.cfg -f  C:\Users\DJ\Desktop\BSMU_H750.cfg  -c "program \"C:/Users/DJ/Desktop/BSMU_H750IB_e9d1405.axf\" verify" -c "reset run" -c "exit"
Open On-Chip Debugger 0.12.0 (2025-07-10) [https://github.com/sysprogs/openocd]
Licensed under GNU GPL v2
libusb1 d52e355daa09f17ce64819122cb067b8a2ee0d4b
For bug reports, read
        http://openocd.org/doc/doxygen/bugs.html
Warn : DEPRECATED: auto-selecting transport "swd". Use 'transport select swd' to suppress this message.
Info : CMSIS-DAP: SWD supported
Info : CMSIS-DAP: JTAG supported
Info : CMSIS-DAP: SWO-UART supported
Info : CMSIS-DAP: Atomic commands supported
Info : CMSIS-DAP: FW Version = 2.0.0
Info : CMSIS-DAP: Interface Initialised (SWD)
Info : SWCLK/TCK = 1 SWDIO/TMS = 1 TDI = 1 TDO = 1 nTRST = 1 nRESET = 1
Info : CMSIS-DAP: Interface ready
Info : clock speed 5000 kHz
Info : SWD DPIDR 0x6ba02477
Info : [stm32h750ibt6.ap2] Examination succeed
Info : [stm32h750ibt6.cpu0] Cortex-M7 r1p1 processor detected
Warn : [stm32h750ibt6.cpu0] Erratum 3092511: Cortex-M7 can halt in an incorrect address when breakpoint and exception occurs simultaneously
Info : [stm32h750ibt6.cpu0] The erratum 3092511 workaround will resume after an incorrect halt
Info : [stm32h750ibt6.cpu0] target has 8 breakpoints, 4 watchpoints
Info : [stm32h750ibt6.cpu0] Examination succeed
Info : [stm32h750ibt6.ap2] gdb port disabled
Info : [stm32h750ibt6.cpu0] starting gdb server on 3333
Info : Listening on port 3333 for gdb connections
[stm32h750ibt6.cpu0] halted due to debug-request, current mode: Thread
xPSR: 0x01000000 pc: 0x08000338 msp: 0x240006c8
** Programming Started **
Info : Device: STM32H74x/75x
Info : flash size probed value 128k
Info : STM32H7 flash has a single bank
Info : Bank (0) size is 128 kb, base address is 0x08000000
Info : flash1 'win w25q64fv/jv' id = 0x1740ef size = 8192 KiB
Warn : Adding extra erase range, 0x9068a5f8 .. 0x9068ffff
** Programming Finished **
** Verify Started **
** Verified OK **

C:\Windows\system32>
C:\Windows\system32>
C:\Windows\system32>openocd -f interface/cmsis-dap.cfg -f  C:\Users\DJ\Desktop\BSMU_H750.cfg  -c "program \"C:/Users/DJ/Desktop/BSMU_H750IB_5c1c3e2.axf\" verify" -c "reset run" -c "exit"
Open On-Chip Debugger 0.12.0 (2025-07-10) [https://github.com/sysprogs/openocd]
Licensed under GNU GPL v2
libusb1 d52e355daa09f17ce64819122cb067b8a2ee0d4b
For bug reports, read
        http://openocd.org/doc/doxygen/bugs.html
Warn : DEPRECATED: auto-selecting transport "swd". Use 'transport select swd' to suppress this message.
Info : CMSIS-DAP: SWD supported
Info : CMSIS-DAP: JTAG supported
Info : CMSIS-DAP: SWO-UART supported
Info : CMSIS-DAP: Atomic commands supported
Info : CMSIS-DAP: FW Version = 2.0.0
Info : CMSIS-DAP: Interface Initialised (SWD)
Info : SWCLK/TCK = 1 SWDIO/TMS = 1 TDI = 1 TDO = 1 nTRST = 1 nRESET = 1
Info : CMSIS-DAP: Interface ready
Info : clock speed 5000 kHz
Info : SWD DPIDR 0x6ba02477
Info : [stm32h750ibt6.ap2] Examination succeed
Info : [stm32h750ibt6.cpu0] Cortex-M7 r1p1 processor detected
Warn : [stm32h750ibt6.cpu0] Erratum 3092511: Cortex-M7 can halt in an incorrect address when breakpoint and exception occurs simultaneously
Info : [stm32h750ibt6.cpu0] The erratum 3092511 workaround will resume after an incorrect halt
Info : [stm32h750ibt6.cpu0] target has 8 breakpoints, 4 watchpoints
Info : [stm32h750ibt6.cpu0] Examination succeed
Info : [stm32h750ibt6.ap2] gdb port disabled
Info : [stm32h750ibt6.cpu0] starting gdb server on 3333
Info : Listening on port 3333 for gdb connections
[stm32h750ibt6.cpu0] halted due to debug-request, current mode: Thread
xPSR: 0x01000000 pc: 0x08000338 msp: 0x240006c8
** Programming Started **
Info : Device: STM32H74x/75x
Info : flash size probed value 128k
Info : STM32H7 flash has a single bank
Info : Bank (0) size is 128 kb, base address is 0x08000000
Info : flash1 'win w25q64fv/jv' id = 0x1740ef size = 8192 KiB
Warn : Adding extra erase range, 0x9068a704 .. 0x9068ffff
** Programming Finished **
** Verify Started **
** Verified OK **

C:\Windows\system32>openocd -f interface/cmsis-dap.cfg -f  C:\Users\DJ\Desktop\BSMU_H750.cfg  -c "program \"C:/Users/DJ/Desktop/BSMU_H750IB_5c1c3e2.axf\" verify" -c "reset run" -c "exit"

C:\Windows\system32>openocd -f interface/cmsis-dap.cfg -f  C:\Users\DJ\Desktop\BSMU_H750.cfg  -c "program \"C:/Users/DJ/Desktop/BSMU_H750IB_e9d1405.axf\" verify" -c "reset run" -c "exit"
Open On-Chip Debugger 0.12.0 (2025-07-10) [https://github.com/sysprogs/openocd]
Licensed under GNU GPL v2
libusb1 d52e355daa09f17ce64819122cb067b8a2ee0d4b
For bug reports, read
        http://openocd.org/doc/doxygen/bugs.html
Warn : DEPRECATED: auto-selecting transport "swd". Use 'transport select swd' to suppress this message.
Info : CMSIS-DAP: SWD supported
Info : CMSIS-DAP: JTAG supported
Info : CMSIS-DAP: SWO-UART supported
Info : CMSIS-DAP: Atomic commands supported
Info : CMSIS-DAP: FW Version = 2.0.0
Info : CMSIS-DAP: Interface Initialised (SWD)
Info : SWCLK/TCK = 1 SWDIO/TMS = 1 TDI = 1 TDO = 1 nTRST = 1 nRESET = 1
Info : CMSIS-DAP: Interface ready
Info : clock speed 5000 kHz
Info : SWD DPIDR 0x6ba02477
Info : [stm32h750ibt6.ap2] Examination succeed
Info : [stm32h750ibt6.cpu0] Cortex-M7 r1p1 processor detected
Warn : [stm32h750ibt6.cpu0] Erratum 3092511: Cortex-M7 can halt in an incorrect address when breakpoint and exception occurs simultaneously
Info : [stm32h750ibt6.cpu0] The erratum 3092511 workaround will resume after an incorrect halt
Info : [stm32h750ibt6.cpu0] target has 8 breakpoints, 4 watchpoints
Info : [stm32h750ibt6.cpu0] Examination succeed
Info : [stm32h750ibt6.ap2] gdb port disabled
Info : [stm32h750ibt6.cpu0] starting gdb server on 3333
Info : Listening on port 3333 for gdb connections
[stm32h750ibt6.cpu0] halted due to debug-request, current mode: Thread
xPSR: 0x01000000 pc: 0x08000338 msp: 0x240006c8
** Programming Started **
Info : Device: STM32H74x/75x
Info : flash size probed value 128k
Info : STM32H7 flash has a single bank
Info : Bank (0) size is 128 kb, base address is 0x08000000
Info : flash1 'win w25q64fv/jv' id = 0x1740ef size = 8192 KiB
Warn : Adding extra erase range, 0x9068a5f8 .. 0x9068ffff
** Programming Finished **
** Verify Started **
** Verified OK **
C:\Windows\system32>